../Drivers/STM32G0xx_HAL_Driver/Inc/stm32g0xx_ll_rcc.h:1298:26:LL_RCC_HSE_IsReady	8	static
../Drivers/STM32G0xx_HAL_Driver/Inc/stm32g0xx_ll_rcc.h:1347:22:LL_RCC_HSI_Enable	8	static
../Drivers/STM32G0xx_HAL_Driver/Inc/stm32g0xx_ll_rcc.h:1367:26:LL_RCC_HSI_IsReady	8	static
../Drivers/STM32G0xx_HAL_Driver/Inc/stm32g0xx_ll_rcc.h:1393:22:LL_RCC_HSI_SetCalibTrimming	16	static
../Drivers/STM32G0xx_HAL_Driver/Inc/stm32g0xx_ll_rcc.h:1563:26:LL_RCC_LSE_IsReady	8	static
../Drivers/STM32G0xx_HAL_Driver/Inc/stm32g0xx_ll_rcc.h:1611:26:LL_RCC_LSI_IsReady	8	static
../Drivers/STM32G0xx_HAL_Driver/Inc/stm32g0xx_ll_rcc.h:1703:26:LL_RCC_GetSysClkSource	8	static
../Drivers/STM32G0xx_HAL_Driver/Inc/stm32g0xx_ll_rcc.h:1778:26:LL_RCC_GetAHBPrescaler	8	static
../Drivers/STM32G0xx_HAL_Driver/Inc/stm32g0xx_ll_rcc.h:1793:26:LL_RCC_GetAPB1Prescaler	8	static
../Drivers/STM32G0xx_HAL_Driver/Inc/stm32g0xx_ll_rcc.h:2177:26:LL_RCC_GetUSARTClockSource	16	static
../Drivers/STM32G0xx_HAL_Driver/Inc/stm32g0xx_ll_rcc.h:2222:26:LL_RCC_GetI2CClockSource	16	static
../Drivers/STM32G0xx_HAL_Driver/Inc/stm32g0xx_ll_rcc.h:2364:26:LL_RCC_GetADCClockSource	16	static
../Drivers/STM32G0xx_HAL_Driver/Inc/stm32g0xx_ll_rcc.h:2403:26:LL_RCC_GetI2SClockSource	16	static
../Drivers/STM32G0xx_HAL_Driver/Inc/stm32g0xx_ll_rcc.h:2443:26:LL_RCC_GetRTCClockSource	8	static
../Drivers/STM32G0xx_HAL_Driver/Inc/stm32g0xx_ll_rcc.h:2533:26:LL_RCC_PLL_IsReady	8	static
../Drivers/STM32G0xx_HAL_Driver/Inc/stm32g0xx_ll_rcc.h:2993:26:LL_RCC_PLL_GetN	8	static
../Drivers/STM32G0xx_HAL_Driver/Inc/stm32g0xx_ll_rcc.h:3035:26:LL_RCC_PLL_GetP	8	static
../Drivers/STM32G0xx_HAL_Driver/Inc/stm32g0xx_ll_rcc.h:3073:26:LL_RCC_PLL_GetR	8	static
../Drivers/STM32G0xx_HAL_Driver/Inc/stm32g0xx_ll_rcc.h:3099:26:LL_RCC_PLL_GetMainSource	8	static
../Drivers/STM32G0xx_HAL_Driver/Inc/stm32g0xx_ll_rcc.h:3117:26:LL_RCC_PLL_GetDivider	8	static
../Drivers/STM32G0xx_HAL_Driver/Inc/stm32g0xx_ll_rcc.h:3154:26:LL_RCC_PLL_IsEnabledDomain_ADC	8	static
../Drivers/STM32G0xx_HAL_Driver/Inc/stm32g0xx_ll_rcc.h:3205:26:LL_RCC_PLL_IsEnabledDomain_I2S1	8	static
../Drivers/STM32G0xx_HAL_Driver/Src/stm32g0xx_ll_rcc.c:166:13:LL_RCC_DeInit	8	static
../Drivers/STM32G0xx_HAL_Driver/Src/stm32g0xx_ll_rcc.c:234:6:LL_RCC_GetSystemClocksFreq	16	static
../Drivers/STM32G0xx_HAL_Driver/Src/stm32g0xx_ll_rcc.c:255:10:LL_RCC_GetUSARTClockFreq	24	static
../Drivers/STM32G0xx_HAL_Driver/Src/stm32g0xx_ll_rcc.c:367:10:LL_RCC_GetI2CClockFreq	24	static
../Drivers/STM32G0xx_HAL_Driver/Src/stm32g0xx_ll_rcc.c:435:10:LL_RCC_GetI2SClockFreq	24	static
../Drivers/STM32G0xx_HAL_Driver/Src/stm32g0xx_ll_rcc.c:895:10:LL_RCC_GetADCClockFreq	24	static
../Drivers/STM32G0xx_HAL_Driver/Src/stm32g0xx_ll_rcc.c:935:10:LL_RCC_GetRTCClockFreq	16	static
../Drivers/STM32G0xx_HAL_Driver/Src/stm32g0xx_ll_rcc.c:1039:17:RCC_GetSystemClockFreq	16	static
../Drivers/STM32G0xx_HAL_Driver/Src/stm32g0xx_ll_rcc.c:1070:17:RCC_GetHCLKClockFreq	16	static
../Drivers/STM32G0xx_HAL_Driver/Src/stm32g0xx_ll_rcc.c:1081:17:RCC_GetPCLK1ClockFreq	16	static
../Drivers/STM32G0xx_HAL_Driver/Src/stm32g0xx_ll_rcc.c:1090:17:RCC_PLL_GetFreqDomain_SYS	24	static
../Drivers/STM32G0xx_HAL_Driver/Src/stm32g0xx_ll_rcc.c:1121:17:RCC_PLL_GetFreqDomain_ADC	24	static
../Drivers/STM32G0xx_HAL_Driver/Src/stm32g0xx_ll_rcc.c:1182:17:RCC_PLL_GetFreqDomain_I2S1	24	static
