../Drivers/STM32G0xx_HAL_Driver/Inc/stm32g0xx_ll_rcc.h:1343:22:LL_RCC_HSI_Enable	1
../Drivers/STM32G0xx_HAL_Driver/Inc/stm32g0xx_ll_rcc.h:1363:26:LL_RCC_HSI_IsReady	2
../Drivers/STM32G0xx_HAL_Driver/Inc/stm32g0xx_ll_rcc.h:1684:22:LL_RCC_SetSysClkSource	1
../Drivers/STM32G0xx_HAL_Driver/Inc/stm32g0xx_ll_rcc.h:1699:26:LL_RCC_GetSysClkSource	1
../Drivers/STM32G0xx_HAL_Driver/Inc/stm32g0xx_ll_rcc.h:1719:22:LL_RCC_SetAHBPrescaler	1
../Drivers/STM32G0xx_HAL_Driver/Inc/stm32g0xx_ll_rcc.h:1735:22:LL_RCC_SetAPB1Prescaler	1
../Drivers/STM32G0xx_HAL_Driver/Inc/stm32g0xx_ll_rcc.h:2508:22:LL_RCC_PLL_Enable	1
../Drivers/STM32G0xx_HAL_Driver/Inc/stm32g0xx_ll_rcc.h:2529:26:LL_RCC_PLL_IsReady	2
../Drivers/STM32G0xx_HAL_Driver/Inc/stm32g0xx_ll_rcc.h:2566:22:LL_RCC_PLL_ConfigDomain_SYS	1
../Drivers/STM32G0xx_HAL_Driver/Inc/stm32g0xx_ll_rcc.h:3433:22:LL_RCC_PLL_EnableDomain_SYS	1
../Drivers/STM32G0xx_HAL_Driver/Inc/stm32g0xx_ll_bus.h:1135:22:LL_IOP_GRP1_EnableClock	1
../Drivers/STM32G0xx_HAL_Driver/Inc/stm32g0xx_ll_system.h:1972:22:LL_FLASH_SetLatency	1
../Drivers/STM32G0xx_HAL_Driver/Inc/stm32g0xx_ll_system.h:1985:26:LL_FLASH_GetLatency	1
../Drivers/STM32G0xx_HAL_Driver/Inc/stm32g0xx_ll_gpio.h:776:26:LL_GPIO_IsInputPinSet	2
../Drivers/STM32G0xx_HAL_Driver/Inc/stm32g0xx_ll_gpio.h:857:22:LL_GPIO_SetOutputPin	1
../Drivers/STM32G0xx_HAL_Driver/Inc/stm32g0xx_ll_gpio.h:886:22:LL_GPIO_ResetOutputPin	1
../Drivers/STM32G0xx_HAL_Driver/Inc/stm32g0xx_ll_gpio.h:915:22:LL_GPIO_TogglePin	1
../Core/Src/main.c:66:6:SwitchTimingHandlar	2
../Core/Src/main.c:78:6:LED_GreenHandler	5
../Core/Src/main.c:111:5:main	10
../Core/Src/main.c:342:6:SystemClock_Config	6
../Core/Src/main.c:389:13:MX_USART2_UART_Init	5
../Core/Src/main.c:437:13:MX_GPIO_Init	1
../Core/Src/main.c:556:6:Error_Handler	1
